<?xml version="1.0" encoding="UTF-8"?>
<testsuites name="jest tests" tests="1" failures="0" errors="0" time="0.764">
  <testsuite name="GET /" errors="0" failures="0" skipped="0" timestamp="2024-08-10T19:29:49" time="0.713" tests="1">
    <testcase classname="GET / should respond with &quot;Gitlab CI/CD Configuration&quot;" name="GET / should respond with &quot;Gitlab CI/CD Configuration&quot;" time="0.04">
    </testcase>
  </testsuite>
</testsuites>